// Jest Snapshot v1, https://goo.gl/fbAQLP

exports[`matches snapshot 1`] = `
<DocumentFragment>
  <div
    class="App"
  >
     
    <div
      class="BoxList"
    >
      <h1>
        Box List
      </h1>
    </div>
    <form
      class="NewBoxForm"
    >
      <label
        for="width"
      >
        Width: 
      </label>
      <input
        id="width"
        name="width"
        placeholder="width"
        type="number"
        value=""
      />
      <label
        for="height"
      >
        Height: 
      </label>
      <input
        id="height"
        name="height"
        placeholder="height"
        type="number"
        value=""
      />
      <label
        for="backgroundColor"
      >
        Background Color: 
      </label>
      <input
        id="backgroundColor"
        name="backgroundColor"
        placeholder="background-color"
        type="text"
        value=""
      />
      <br />
      <button>
        Add Box!
      </button>
    </form>
  </div>
</DocumentFragment>
`;
